[www.cursoemvideo.com/cursowp/manual/index.html]
[backblue.gif]
[fade.gif]
[index.html]
[www.cursoemvideo.com/cursowp/manual/wp-content/themes/astra/assets/css/minified/frontend.min2e46.css]
[www.cursoemvideo.com/cursowp/manual/wp-content/themes/astra/assets/fonts/astra.woff]
[www.cursoemvideo.com/cursowp/manual/feed/index.html]
[www.cursoemvideo.com/cursowp/manual/wp-includes/css/dist/block-library/style.min1eb7.css]
[www.cursoemvideo.com/cursowp/manual/wp-content/plugins/cookie-law-info/legacy/public/css/cookie-law-info-public459e.css]
[www.cursoemvideo.com/cursowp/manual/comments/feed/index.html]
[www.cursoemvideo.com/cursowp/manual/wp-content/plugins/cookie-law-info/legacy/public/css/cookie-law-info-gdpr459e.css]
[www.cursoemvideo.com/cursowp/manual/wp-content/plugins/ultimate-addons-for-gutenberg/assets/css/slick.mine823.css]
[www.cursoemvideo.com/cursowp/manual/wp-content/uploads/uag-plugin/custom-style-blockse823.css]
[www.cursoemvideo.com/cursowp/manual/wp-content/themes/astra-child/style8a54.css]
[www.cursoemvideo.com/cursowp/manual/wp-content/micro-themes/active-styles747f.css]
[www.cursoemvideo.com/cursowp/manual/wp-includes/js/jquery/jquery.minaf6c.js]
[www.cursoemvideo.com/cursowp/manual/wp-includes/js/jquery/jquery-migrate.mind617.js]
[www.cursoemvideo.com/cursowp/manual/wp-content/plugins/cookie-law-info/legacy/public/js/cookie-law-info-public459e.js]
[www.cursoemvideo.com/cursowp/manual/wp-json/wp/v2/pages/854.json]
[www.cursoemvideo.com/cursowp/manual/xmlrpc0db0.php]
[www.cursoemvideo.com/cursowp/manual/wp-json/index.html]
[www.cursoemvideo.com/cursowp/manual/wp-includes/wlwmanifest.xml]
[www.cursoemvideo.com/cursowp/manual/wp-json/oembed/1.0/embed4c63.json]
[www.cursoemvideo.com/cursowp/manual/wp-json/oembed/1.0/embeddf65]
[www.cursoemvideo.com/cursowp/manual/wp-content/uploads/2019/07/pizzaria-hero-fundo01.jpg]
[www.cursoemvideo.com/cursowp/manual/wp-content/uploads/2019/07/folha-fundo-02.jpg]
[www.cursoemvideo.com/cursowp/manual/wp-content/uploads/2019/07/restaurante02.jpg]
[www.cursoemvideo.com/cursowp/manual/wp-content/uploads/2019/07/restaurante01.jpg]
[www.cursoemvideo.com/cursowp/manual/wp-content/uploads/2019/09/aspas.png]
[www.cursoemvideo.com/cursowp/manual/wp-content/uploads/2019/07/pizzaria-hero-fundo02.jpg]
[www.cursoemvideo.com/cursowp/manual/wp-content/uploads/2019/07/fresco-logo-pequeno.png]
[www.cursoemvideo.com/cursowp/manual/cardapio/index.html]
[www.cursoemvideo.com/cursowp/manual/wp-content/uploads/2019/07/barra-horizontal.png]
[www.cursoemvideo.com/cursowp/manual/quem-somos/index.html]
[www.cursoemvideo.com/cursowp/manual/wp-content/uploads/2019/07/pizza.jpg]
[www.cursoemvideo.com/cursowp/manual/noticias/index.html]
[www.cursoemvideo.com/cursowp/manual/wp-content/uploads/2019/07/folha-fundo-01.png]
[www.cursoemvideo.com/cursowp/manual/contato/index.html]
[www.cursoemvideo.com/cursowp/manual/wp-content/uploads/2019/07/prato04-300x255.jpg]
[www.cursoemvideo.com/cursowp/manual/wp-content/uploads/2019/07/prato01-300x255.jpg]
[www.cursoemvideo.com/cursowp/manual/wp-content/uploads/2019/07/prato02-300x255.jpg]
[www.cursoemvideo.com/cursowp/manual/wp-content/uploads/2019/07/prato03-300x255.jpg]
[www.cursoemvideo.com/cursowp/manual/wp-content/uploads/2019/09/depoimento01.png]
[www.cursoemvideo.com/cursowp/manual/wp-content/uploads/2019/09/depoimento03.png]
[www.cursoemvideo.com/cursowp/manual/wp-content/uploads/2019/09/depoimento02.png]
[www.cursoemvideo.com/cursowp/manual/wp-content/plugins/cookie-law-info/legacy/public/css/cookie-law-info-table459e.css]
[www.cursoemvideo.com/cursowp/manual/wp-content/themes/astra/assets/js/minified/frontend.min2e46.js]
[www.cursoemvideo.com/cursowp/manual/wp-content/plugins/ultimate-addons-for-gutenberg/assets/js/slick.mine823.js]
[www.cursoemvideo.com/cursowp/manual/wp-content/plugins/ultimate-addons-for-gutenberg/assets/js/imagesloaded.mine823.js]
[www.cursoemvideo.com/cursowp/manual/wp-content/plugins/ultimate-addons-for-gutenberg/assets/js/testimonial.mine823.js]
[www.cursoemvideo.com/cursowp/manual/index.html]
[www.cursoemvideo.com/cursowp/manual/wp-content/themes/astra/assets/css/minified/frontend.min2e46.css]
[www.cursoemvideo.com/cursowp/manual/wp-includes/css/dist/block-library/style.min1eb7.css]
[www.cursoemvideo.com/cursowp/manual/wp-content/plugins/cookie-law-info/legacy/public/css/cookie-law-info-public459e.css]
[www.cursoemvideo.com/cursowp/manual/wp-content/plugins/cookie-law-info/legacy/public/css/cookie-law-info-gdpr459e.css]
[www.cursoemvideo.com/cursowp/manual/wp-content/plugins/ultimate-addons-for-gutenberg/assets/css/slick.mine823.css]
[www.cursoemvideo.com/cursowp/manual/wp-content/uploads/uag-plugin/custom-style-blockse823.css]
[www.cursoemvideo.com/cursowp/manual/wp-content/themes/astra-child/style8a54.css]
[www.cursoemvideo.com/cursowp/manual/wp-content/micro-themes/active-styles747f.css]
[www.cursoemvideo.com/cursowp/manual/xmlrpc0db0.html]
[www.cursoemvideo.com/cursowp/manual/politica-de-privacidade/index.html]
[www.cursoemvideo.com/cursowp/manual/wp-json/wp/v2/pages/856.json]
[www.cursoemvideo.com/cursowp/manual/wp-json/oembed/1.0/embed4314.json]
[www.cursoemvideo.com/cursowp/manual/wp-json/oembed/1.0/embedddf2]
[www.cursoemvideo.com/cursowp/manual/wp-content/uploads/2019/10/destaque-cardapio.jpg]
[www.cursoemvideo.com/cursowp/manual/wp-content/uploads/2019/10/cardapio-massas.png]
[www.cursoemvideo.com/cursowp/manual/wp-content/uploads/2019/10/divisor-preto.png]
[www.cursoemvideo.com/cursowp/manual/wp-content/uploads/2019/10/cardapio-pizzas.png]
[www.cursoemvideo.com/cursowp/manual/wp-content/uploads/2019/10/cardapio-pratos.png]
[www.cursoemvideo.com/cursowp/manual/cardapio/index.html]
[www.cursoemvideo.com/cursowp/manual/wp-json/wp/v2/pages/858.json]
[www.cursoemvideo.com/cursowp/manual/wp-json/oembed/1.0/embed99b4.json]
[www.cursoemvideo.com/cursowp/manual/wp-json/oembed/1.0/embed7ce1]
[www.cursoemvideo.com/cursowp/manual/wp-content/uploads/2019/10/bg-quem-somos.jpg]
[www.cursoemvideo.com/cursowp/manual/wp-content/uploads/2019/10/quem-somos-img1.jpg]
[www.cursoemvideo.com/cursowp/manual/wp-content/uploads/2019/10/tripadvisorlogo1-free-img.png]
[www.cursoemvideo.com/cursowp/manual/wp-content/uploads/2019/10/yelp-free-img.png]
[www.cursoemvideo.com/cursowp/manual/wp-content/uploads/2019/10/google-reviews-free-img.png]
[www.cursoemvideo.com/cursowp/manual/wp-content/uploads/2019/10/fb-free-imng.png]
[www.cursoemvideo.com/cursowp/manual/quem-somos/index.html]
[www.cursoemvideo.com/cursowp/manual/wp-json/wp/v2/pages/860.json]
[www.cursoemvideo.com/cursowp/manual/wp-json/oembed/1.0/embed264f.json]
[www.cursoemvideo.com/cursowp/manual/wp-json/oembed/1.0/embed46a1]
[www.cursoemvideo.com/cursowp/manual/wp-content/uploads/2019/09/basil-blur-cheese-1279330-300x200.jpg]
[www.cursoemvideo.com/cursowp/manual/wp-content/uploads/2019/07/restaurante01-300x226.jpg]
[www.cursoemvideo.com/cursowp/manual/wp-content/uploads/2019/09/avocado-barbecue-cooked-725991-300x214.jpg]
[www.cursoemvideo.com/cursowp/manual/noticias/index.html]
[www.cursoemvideo.com/cursowp/manual/wp-content/plugins/wpforms-lite/assets/css/wpforms-full.min9a21.css]
[www.cursoemvideo.com/cursowp/manual/2019/09/almoco-executivo/index.html]
[www.cursoemvideo.com/cursowp/manual/2019/09/receita-de-spaghetti-a-guanabara/index.html]
[www.cursoemvideo.com/cursowp/manual/wp-json/wp/v2/pages/862.json]
[www.cursoemvideo.com/cursowp/manual/2019/09/cardapio-fit/index.html]
[www.cursoemvideo.com/cursowp/manual/wp-json/oembed/1.0/embed6dd9.json]
[www.cursoemvideo.com/cursowp/manual/wp-json/oembed/1.0/embedf4e4]
[www.cursoemvideo.com/cursowp/manual/wp-content/uploads/2019/08/pizzaria-hero-fundo03.jpg]
[www.cursoemvideo.com/cursowp/manual/wp-content/plugins/wpforms-lite/assets/lib/jquery.validate.min7e9d.js]
[www.cursoemvideo.com/cursowp/manual/wp-content/plugins/wpforms-lite/assets/lib/jquery.inputmask.minb4c5.js]
[www.cursoemvideo.com/cursowp/manual/wp-content/plugins/wpforms-lite/assets/lib/mailcheck.mincfa9.js]
[www.cursoemvideo.com/cursowp/manual/wp-content/plugins/wpforms-lite/assets/lib/punycode.min8a54.js]
[www.cursoemvideo.com/cursowp/manual/wp-content/plugins/wpforms-lite/assets/js/utils.min9a21.js]
[www.cursoemvideo.com/cursowp/manual/wp-content/plugins/wpforms-lite/assets/js/wpforms.min9a21.js]
[www.cursoemvideo.com/cursowp/manual/contato/index.html]
[www.cursoemvideo.com/cursowp/manual/wp-json/wp/v2/pages/1340.json]
[www.cursoemvideo.com/cursowp/manual/wp-json/oembed/1.0/embed18da.json]
[www.cursoemvideo.com/cursowp/manual/wp-json/oembed/1.0/embeda4c2]
[www.cursoemvideo.com/cursowp/manual/politica-de-privacidade/index.html]
[www.cursoemvideo.com/cursowp/manual/wp-content/plugins/cookie-law-info/legacy/images/td_back.gif]
[www.cursoemvideo.com/cursowp/manual/wp-content/plugins/cookie-law-info/legacy/public/css/cookie-law-info-table459e.css]
[www.cursoemvideo.com/cursowp/manual/index763e.html]
[www.cursoemvideo.com/cursowp/manual/index9117.html]
[www.cursoemvideo.com/cursowp/manual/index08e2.html]
[www.cursoemvideo.com/cursowp/manual/atendimento-lgpd/index.html]
[www.cursoemvideo.com/cursowp/manual/wp-json/wp/v2/posts/1083.json]
[www.cursoemvideo.com/cursowp/manual/2019/09/receita-de-spaghetti-a-guanabara/feed/index.html]
[www.cursoemvideo.com/cursowp/manual/wp-json/oembed/1.0/embed1a27.json]
[www.cursoemvideo.com/cursowp/manual/wp-json/oembed/1.0/embed19ed]
[www.cursoemvideo.com/cursowp/manual/xmlrpc.51.delayed]
[www.cursoemvideo.com/cursowp/manual/wp-content/uploads/2019/09/cooking-1024x576-1024x576.jpg]
[www.cursoemvideo.com/cursowp/manual/wp-includes/js/comment-reply.min1eb7.js]
[www.cursoemvideo.com/cursowp/manual/2019/09/receita-de-spaghetti-a-guanabara/index.html]
[www.cursoemvideo.com/cursowp/manual/category/noticias/index.html]
[www.cursoemvideo.com/cursowp/manual/2019/09/receita-de-spaghetti-a-guanabara/indexa858.html]
[www.cursoemvideo.com/cursowp/manual/2019/09/receita-de-spaghetti-a-guanabara/index6944.html]
[www.google.com/recaptcha/api28b7.js]
[www.cursoemvideo.com/cursowp/manual/2019/09/receita-de-spaghetti-a-guanabara/index360b.html]
[www.cursoemvideo.com/cursowp/manual/wp-json/wp/v2/posts/1142.json]
[www.cursoemvideo.com/cursowp/manual/2019/09/receita-de-spaghetti-a-guanabara/indexa79a.html]
[www.cursoemvideo.com/cursowp/manual/2019/09/receita-de-spaghetti-a-guanabara/indexb951.html]
[www.cursoemvideo.com/cursowp/manual/2019/09/receita-de-spaghetti-a-guanabara/index5a86.html]
[www.cursoemvideo.com/cursowp/manual/2019/09/receita-de-spaghetti-a-guanabara/index06ab.html]
[www.cursoemvideo.com/cursowp/manual/wp-json/oembed/1.0/embedaa9a.json]
[www.cursoemvideo.com/cursowp/manual/2019/09/receita-de-spaghetti-a-guanabara/indexf970.html]
[www.cursoemvideo.com/cursowp/manual/2019/09/almoco-executivo/feed/index.html]
[www.cursoemvideo.com/cursowp/manual/wp-json/oembed/1.0/embedf9c1]
[www.cursoemvideo.com/cursowp/manual/wp-content/uploads/2019/09/blur-chef-close-up-262978-1024x682.jpg]
[www.cursoemvideo.com/cursowp/manual/wp-content/uploads/2019/07/pizzaria-hero-fundo02-1024x683.jpg]
[www.cursoemvideo.com/cursowp/manual/wp-content/uploads/2019/09/avocado-barbecue-cooked-725991-1024x731.jpg]
[www.cursoemvideo.com/cursowp/manual/2019/09/almoco-executivo/index.html]
[www.cursoemvideo.com/cursowp/manual/wp-content/uploads/2019/09/basil-blur-cheese-1279330.jpg]
[www.cursoemvideo.com/cursowp/manual/tag/peixes/index.html]
[www.cursoemvideo.com/cursowp/manual/tag/pratos-executivos/index.html]
[www.cursoemvideo.com/cursowp/manual/wp-json/wp/v2/posts/1099.json]
[www.cursoemvideo.com/cursowp/manual/tag/saladas/index.html]
[www.cursoemvideo.com/cursowp/manual/2019/09/almoco-executivo/indexfa40.html]
[www.cursoemvideo.com/cursowp/manual/2019/09/almoco-executivo/index8528.html]
[www.cursoemvideo.com/cursowp/manual/2019/09/almoco-executivo/index6f0d.html]
[www.cursoemvideo.com/cursowp/manual/wp-json/oembed/1.0/embed44e7.json]
[www.cursoemvideo.com/cursowp/manual/2019/09/cardapio-fit/feed/index.html]
[www.cursoemvideo.com/cursowp/manual/wp-json/oembed/1.0/embedabfb]
[www.cursoemvideo.com/cursowp/manual/2019/09/cardapio-fit/index.html]
[www.cursoemvideo.com/cursowp/manual/wp-content/plugins/wpforms-lite/assets/images/times-solid-white.svg]
[www.cursoemvideo.com/cursowp/manual/wp-content/plugins/wpforms-lite/assets/css/wpforms-full.min9a21.css]
[www.cursoemvideo.com/cursowp/manual/indexd399.html]
[www.cursoemvideo.com/cursowp/manual/indexe5f6.html]
[www.cursoemvideo.com/cursowp/manual/2019/09/cardapio-fit/index04d3.html]
[www.cursoemvideo.com/cursowp/manual/2019/09/cardapio-fit/indexa82a.html]
[www.cursoemvideo.com/cursowp/manual/2019/09/cardapio-fit/index954a.html]
[www.cursoemvideo.com/cursowp/manual/wp-json/wp/v2/pages/1338.json]
[www.cursoemvideo.com/cursowp/manual/wp-json/oembed/1.0/embed09e1.json]
[www.cursoemvideo.com/cursowp/manual/wp-json/oembed/1.0/embedeb46]
[www.cursoemvideo.com/cursowp/manual/atendimento-lgpd/index.html]
[www.cursoemvideo.com/cursowp/manual/indexc30e.html]
[www.cursoemvideo.com/cursowp/manual/xmlrpc.html]
[www.cursoemvideo.com/cursowp/manual/wp-json/wp/v2/categories/4.json]
[www.cursoemvideo.com/cursowp/manual/category/noticias/index.html]
[www.cursoemvideo.com/cursowp/manual/2019/09/receita-de-spaghetti-a-guanabara/index6944.html]
[www.cursoemvideo.com/cursowp/manual/2019/09/receita-de-spaghetti-a-guanabara/indexa858.html]
[www.cursoemvideo.com/cursowp/manual/2019/09/receita-de-spaghetti-a-guanabara/index360b.html]
[www.cursoemvideo.com/cursowp/manual/2019/09/receita-de-spaghetti-a-guanabara/indexa79a.html]
[www.cursoemvideo.com/cursowp/manual/2019/09/receita-de-spaghetti-a-guanabara/indexb951.html]
[www.cursoemvideo.com/cursowp/manual/2019/09/receita-de-spaghetti-a-guanabara/index5a86.html]
[www.cursoemvideo.com/cursowp/manual/2019/09/receita-de-spaghetti-a-guanabara/index06ab.html]
[www.cursoemvideo.com/cursowp/manual/2019/09/receita-de-spaghetti-a-guanabara/indexf970.html]
[www.cursoemvideo.com/cursowp/manual/index4dbd.html]
[www.cursoemvideo.com/cursowp/manual/category/noticias/feed/index.html]
[www.cursoemvideo.com/cursowp/manual/author/cursoemvideo/index.html]
[www.cursoemvideo.com/cursowp/manual/tag/peixes/feed/index.html]
[www.cursoemvideo.com/cursowp/manual/wp-json/wp/v2/tags/8.json]
[www.cursoemvideo.com/cursowp/manual/tag/peixes/index.html]
[www.cursoemvideo.com/cursowp/manual/tag/pratos-executivos/feed/index.html]
[www.cursoemvideo.com/cursowp/manual/wp-json/wp/v2/tags/9.json]
[www.cursoemvideo.com/cursowp/manual/tag/pratos-executivos/index.html]
[www.cursoemvideo.com/cursowp/manual/wp-json/wp/v2/tags/7.json]
[www.cursoemvideo.com/cursowp/manual/tag/saladas/index.html]
[www.cursoemvideo.com/cursowp/manual/2019/09/almoco-executivo/indexfa40.html]
[www.cursoemvideo.com/cursowp/manual/2019/09/almoco-executivo/index8528.html]
[www.cursoemvideo.com/cursowp/manual/2019/09/almoco-executivo/index6f0d.html]
[www.cursoemvideo.com/cursowp/manual/index8f31.html]
[www.cursoemvideo.com/cursowp/manual/2019/09/cardapio-fit/index04d3.html]
[www.cursoemvideo.com/cursowp/manual/2019/09/cardapio-fit/indexa82a.html]
[www.cursoemvideo.com/cursowp/manual/2019/09/cardapio-fit/index954a.html]
[www.cursoemvideo.com/cursowp/manual/wp-content/plugins/wpforms-lite/assets/images/times-solid-white.svg]
[www.cursoemvideo.com/cursowp/manual/indexc547.html]
[www.cursoemvideo.com/cursowp/manual/tag/saladas/feed/index.html]
[www.cursoemvideo.com/cursowp/manual/wp-json/wp/v2/users/1]
[www.cursoemvideo.com/cursowp/manual/author/cursoemvideo/index.html]
[www.cursoemvideo.com/cursowp/manual/author/cursoemvideo/feed/index.html]
[www.cursoemvideo.com/cursowp/manual/wp-json/wp/v2/users/1.html]
